2025-11-15 11:49:48,878 - INFO - ============================================================
2025-11-15 11:49:48,879 - INFO - 自动化特征提取系统 v1.1
2025-11-15 11:49:48,879 - INFO - ============================================================

2025-11-15 11:49:48,879 - INFO - 配置加载成功
2025-11-15 11:49:48,879 - INFO - 启用的数据集: MOSEI, MELD
2025-11-15 11:49:48,879 - INFO - 采样率: 3 fps
2025-11-15 11:49:48,879 - INFO - 最大帧数: 300
2025-11-15 11:49:48,879 - INFO - 训练 PCA: True
2025-11-15 11:49:48,879 - INFO - PCA 模型共享: True
2025-11-15 11:49:48,879 - INFO - 
2025-11-15 11:49:48,879 - INFO - ============================================================
2025-11-15 11:49:48,879 - INFO - [1/2] 开始提取数据集: MOSEI
2025-11-15 11:49:48,879 - INFO - ============================================================

2025-11-15 11:49:48,879 - INFO - ============================================================
2025-11-15 11:49:48,879 - INFO - 开始提取 MOSEI 数据集
2025-11-15 11:49:48,879 - INFO - ============================================================
2025-11-15 11:49:48,879 - INFO - 数据集目录: /media/sda/wf/openMM/Datasets/MOSEI
2025-11-15 11:49:48,879 - INFO - 标签文件: /media/sda/wf/openMM/Datasets/MOSEI/merged_label_new.csv
2025-11-15 11:49:48,879 - INFO - 输出目录: ./output/mosei_features_5fps
2025-11-15 11:49:48,879 - INFO - 采样率: 3 fps
2025-11-15 11:49:48,879 - INFO - ============================================================

2025-11-15 11:49:48,879 - INFO - 输出目录已创建: ./output/mosei_features_5fps

2025-11-15 11:49:51,431 - INFO - ============================================================
2025-11-15 11:49:51,431 - INFO - 阶段 2: 批量提取特征
2025-11-15 11:49:51,431 - INFO - ============================================================

2025-11-15 11:49:51,486 - INFO - 总样本数: 22856
