2025-11-21 15:54:46 - ZeroshotCL - INFO - 日志文件: output/logs/20251121_155446.log
2025-11-21 15:54:46 - ZeroshotCL - INFO - 
################################################################################
2025-11-21 15:54:46 - ZeroshotCL - INFO - # Zero-shot Continual Learning Training
2025-11-21 15:54:46 - ZeroshotCL - INFO - ################################################################################
2025-11-21 15:54:46 - ZeroshotCL - INFO - 配置文件: config/train_config.yaml
2025-11-21 15:54:46 - ZeroshotCL - INFO - 设备: cuda
2025-11-21 15:54:46 - ZeroshotCL - INFO - 使用设备: cuda
2025-11-21 15:54:46 - ZeroshotCL - INFO -   GPU名称: NVIDIA GeForce RTX 3090
2025-11-21 15:54:46 - ZeroshotCL - INFO -   GPU内存: 25.44 GB
2025-11-21 15:54:46 - ZeroshotCL - INFO - 
================================================================================
2025-11-21 15:54:46 - ZeroshotCL - INFO - 创建模型...
2025-11-21 15:54:46 - ZeroshotCL - INFO - ================================================================================
2025-11-21 15:54:46 - ZeroshotCL - INFO - 加载AU-EMO先验: materials/au_emo_prior.json
2025-11-21 15:54:46 - ZeroshotCL - INFO -   先验形状: (7, 20)
2025-11-21 15:54:46 - ZeroshotCL - INFO - 
模型创建完成:
2025-11-21 15:54:46 - ZeroshotCL - INFO -   总参数量: 1,155,367
2025-11-21 15:54:46 - ZeroshotCL - INFO -   可训练参数: 1,155,367
2025-11-21 15:54:46 - ZeroshotCL - INFO - 
================================================================================
2025-11-21 15:54:46 - ZeroshotCL - INFO - 创建训练器...
2025-11-21 15:54:46 - ZeroshotCL - INFO - ================================================================================
2025-11-21 15:54:48 - ZeroshotCL - INFO - 加载AU embeddings: 20 AUs
2025-11-21 15:54:48 - ZeroshotCL - INFO - 训练器创建完成
2025-11-21 15:54:48 - ZeroshotCL - INFO - 
================================================================================
2025-11-21 15:54:48 - ZeroshotCL - INFO - 加载任务数据...
2025-11-21 15:54:48 - ZeroshotCL - INFO - ================================================================================
2025-11-21 15:54:48 - ZeroshotCL - INFO - 总任务数: 3
2025-11-21 15:54:48 - ZeroshotCL - INFO - 
################################################################################
2025-11-21 15:54:48 - ZeroshotCL - INFO - # 任务 1/3
2025-11-21 15:54:48 - ZeroshotCL - INFO - ################################################################################
2025-11-21 15:54:53 - ZeroshotCL - INFO - 
================================================================================
2025-11-21 15:54:53 - ZeroshotCL - INFO - 开始训练 Task 0: Task0_MOSEI_Basic_Emotions
2025-11-21 15:54:53 - ZeroshotCL - INFO -   Seen情绪: {'happy': 0, 'sad': 1}
2025-11-21 15:54:53 - ZeroshotCL - INFO -   Unseen情绪: {'surprise': 2, 'disgust': 5}
2025-11-21 15:54:53 - ZeroshotCL - INFO - ================================================================================
2025-11-21 15:54:53 - ZeroshotCL - INFO - 
检查分类器维度...
2025-11-21 15:54:53 - ZeroshotCL - INFO -   当前类别数: 7
2025-11-21 15:54:53 - ZeroshotCL - INFO -   需要类别数: 4
2025-11-21 15:54:53 - ZeroshotCL - INFO - 
################################################################################
2025-11-21 15:54:53 - ZeroshotCL - INFO - # 阶段1: Seen训练 (20 epochs)
2025-11-21 15:54:53 - ZeroshotCL - INFO - ################################################################################
