2025-11-15 03:42:46,380 - INFO - ============================================================
2025-11-15 03:42:46,380 - INFO - 加载配置文件
2025-11-15 03:42:46,380 - INFO - ============================================================
2025-11-15 03:42:46,381 - INFO - 模型配置: /media/sda/wf/openMM/codes_v251112/new_unimodal/config_hybrid.json
2025-11-15 03:42:46,381 - INFO - 数据集配置: /media/sda/wf/openMM/codes_v251112/new_unimodal/dataset_paths.json
2025-11-15 03:42:46,381 - INFO - 提取配置: /media/sda/wf/openMM/codes_v251112/new_unimodal/extraction_config.json
2025-11-15 03:42:46,381 - INFO - ============================================================
2025-11-15 03:42:46,381 - INFO - 最终使用的参数
2025-11-15 03:42:46,381 - INFO - ============================================================
2025-11-15 03:42:46,381 - INFO - 数据集: meld
2025-11-15 03:42:46,381 - INFO - base_dir: /media/sda/wf/openMM/Datasets/MELD/organized
2025-11-15 03:42:46,381 - INFO - output_dir: ./output/meld_features_hybrid
2025-11-15 03:42:46,381 - INFO - split: train
2025-11-15 03:42:46,381 - INFO - train_pca: True
2025-11-15 03:42:46,381 - INFO - pca_training_samples: 1000
2025-11-15 03:42:46,381 - INFO - ============================================================

2025-11-15 03:42:46,381 - INFO - ============================================================
2025-11-15 03:42:46,381 - INFO - 开始提取 MELD 数据集（混合版本）
2025-11-15 03:42:46,381 - INFO - ============================================================
2025-11-15 03:42:46,381 - INFO - 配置文件: /media/sda/wf/openMM/codes_v251112/new_unimodal/config_hybrid.json
2025-11-15 03:42:46,381 - INFO - 数据集目录: /media/sda/wf/openMM/Datasets/MELD/organized
2025-11-15 03:42:46,381 - INFO - 输出目录: ./output/meld_features_hybrid
2025-11-15 03:42:46,381 - INFO - 划分: train
2025-11-15 03:42:46,381 - INFO - ============================================================

2025-11-15 03:42:48,909 - INFO - ============================================================
2025-11-15 03:42:48,909 - INFO - 阶段 1: 训练音频 PCA 模型（MELD）
2025-11-15 03:42:48,910 - INFO - ============================================================
2025-11-15 03:42:49,336 - INFO - 找到 13707 个音频文件
2025-11-15 03:42:49,336 - INFO - 随机采样 1000 个样本用于训练 PCA
