2025-11-15 03:38:51,194 - INFO - ============================================================
2025-11-15 03:38:51,194 - INFO - 加载配置文件
2025-11-15 03:38:51,194 - INFO - ============================================================
2025-11-15 03:38:51,194 - INFO - 模型配置: /media/sda/wf/openMM/codes_v251112/new_unimodal/config_hybrid.json
2025-11-15 03:38:51,194 - INFO - 数据集配置: /media/sda/wf/openMM/codes_v251112/new_unimodal/dataset_paths.json
2025-11-15 03:38:51,194 - INFO - 提取配置: /media/sda/wf/openMM/codes_v251112/new_unimodal/extraction_config.json
2025-11-15 03:38:51,194 - INFO - ============================================================
2025-11-15 03:38:51,194 - INFO - 最终使用的参数
2025-11-15 03:38:51,194 - INFO - ============================================================
2025-11-15 03:38:51,194 - INFO - 数据集: mosei
2025-11-15 03:38:51,194 - INFO - base_dir: /media/sda/wf/openMM/Datasets/MOSEI
2025-11-15 03:38:51,194 - INFO - label_file: /media/sda/wf/openMM/Datasets/MOSEI/merged_label_new.csv
2025-11-15 03:38:51,194 - INFO - output_dir: ./output/mosei_features_hybrid
2025-11-15 03:38:51,194 - INFO - train_pca: True
2025-11-15 03:38:51,194 - INFO - pca_training_samples: 1000
2025-11-15 03:38:51,194 - INFO - ============================================================

2025-11-15 03:38:51,194 - INFO - ============================================================
2025-11-15 03:38:51,194 - INFO - 开始提取 MOSEI 数据集（混合版本）
2025-11-15 03:38:51,195 - INFO - ============================================================
2025-11-15 03:38:51,195 - INFO - 配置文件: /media/sda/wf/openMM/codes_v251112/new_unimodal/config_hybrid.json
2025-11-15 03:38:51,195 - INFO - 数据集目录: /media/sda/wf/openMM/Datasets/MOSEI
2025-11-15 03:38:51,195 - INFO - 输出目录: ./output/mosei_features_hybrid
2025-11-15 03:38:51,195 - INFO - ============================================================

2025-11-15 03:38:53,735 - INFO - ============================================================
2025-11-15 03:38:53,735 - INFO - 阶段 1: 训练音频 PCA 模型
2025-11-15 03:38:53,735 - INFO - ============================================================
2025-11-15 03:38:53,789 - INFO - 数据集总样本数: 22856
2025-11-15 03:38:53,790 - INFO - 随机采样 1000 个样本用于训练 PCA
2025-11-15 03:38:53,821 - INFO - 找到 1000 个有效音频文件
